fingerprint_scanner.h:296:6:LED_FP.constprop	40	static
fingerprint_scanner.h:296:6:LED_FP.constprop	40	static
fingerprint_scanner.h:75:15:Init_packet	0	static
fingerprint_scanner.h:82:5:Check_Response	0	static
fingerprint_scanner.h:100:6:Wait_Response	16	static
fingerprint_scanner.h:111:6:calc_Checksum	16	static
fingerprint_scanner.h:125:6:SendtoFP	56	static
fingerprint_scanner.h:143:15:Open_packet	0	static
fingerprint_scanner.h:150:15:Close_packet	0	static
fingerprint_scanner.h:157:15:CMOSLED_packet	0	static
fingerprint_scanner.h:168:15:Getenrolled_packet	0	static
fingerprint_scanner.h:175:15:Checkenrll_packet	0	static
fingerprint_scanner.h:182:15:Enroll_packet	0	static
fingerprint_scanner.h:189:15:Enroll1_packet	0	static
fingerprint_scanner.h:196:15:Enroll2_packet	0	static
fingerprint_scanner.h:203:15:Enroll3_packet	0	static
fingerprint_scanner.h:210:15:Fingerpress_packet	0	static
fingerprint_scanner.h:217:15:Delete_packet	8	static
fingerprint_scanner.h:224:15:Deleteall_packet	0	static
fingerprint_scanner.h:231:15:Verify_packet	8	static
fingerprint_scanner.h:238:15:Ident_packet	0	static
fingerprint_scanner.h:245:15:Standby_packet	0	static
fingerprint_scanner.h:252:15:Capture_packet	0	static
fingerprint_scanner.h:265:6:Start_FP	40	static
fingerprint_scanner.h:281:6:Close_FP	40	static
fingerprint_scanner.h:296:6:LED_FP	40	static
fingerprint_scanner.h:317:6:Flash_LED	48	static
fingerprint_scanner.h:323:6:IsFingerPress	40	static
fingerprint_scanner.h:335:5:Enroll_finger	72	static
fingerprint_scanner.h:428:5:Identify_finger	64	static
fingerprint_scanner.h:458:5:Check_DB	40	static
main.c:149:6:SendtoPi	16	static
main.c:163:6:SendSnap	328	static
main.c:169:6:SendAccessFPS	336	static
main.c:176:6:SendDeniedFPS	336	static
main.c:183:6:SendDeniedIR	336	static
main.c:190:6:SendNewUserFPS	336	static
main.c:117:6:HAL_UART_RxCpltCallback	48	static
main.c:197:6:SendUnlockDoor	8	static
main.c:201:6:Debounce	16	static
main.c:333:6:HAL_ADC_ConvCpltCallback	24	static
main.c:488:6:SystemClock_Config	104	static
main.c:373:5:main	72	static,ignoring_inline_asm
main.c:537:6:Error_Handler	0	static
