core_cm0.h:730:22:NVIC_SystemReset	8	static,ignoring_inline_asm
fingerprint_scanner.h:75:15:Init_packet	40	static
fingerprint_scanner.h:82:5:Check_Response	16	static
fingerprint_scanner.h:100:6:Wait_Response	16	static
fingerprint_scanner.h:111:6:calc_Checksum	32	static
fingerprint_scanner.h:125:6:SendtoFP	56	static
fingerprint_scanner.h:143:15:Open_packet	40	static
fingerprint_scanner.h:150:15:Close_packet	40	static
fingerprint_scanner.h:157:15:CMOSLED_packet	40	static
fingerprint_scanner.h:168:15:Getenrolled_packet	40	static
fingerprint_scanner.h:175:15:Checkenrll_packet	40	static
fingerprint_scanner.h:182:15:Enroll_packet	40	static
fingerprint_scanner.h:189:15:Enroll1_packet	40	static
fingerprint_scanner.h:196:15:Enroll2_packet	40	static
fingerprint_scanner.h:203:15:Enroll3_packet	40	static
fingerprint_scanner.h:210:15:Fingerpress_packet	40	static
fingerprint_scanner.h:217:15:Delete_packet	40	static
fingerprint_scanner.h:224:15:Deleteall_packet	40	static
fingerprint_scanner.h:231:15:Verify_packet	40	static
fingerprint_scanner.h:238:15:Ident_packet	40	static
fingerprint_scanner.h:245:15:Standby_packet	40	static
fingerprint_scanner.h:252:15:Capture_packet	40	static
fingerprint_scanner.h:265:6:Start_FP	24	static
fingerprint_scanner.h:281:6:Close_FP	24	static
fingerprint_scanner.h:296:6:LED_FP	56	static
fingerprint_scanner.h:317:6:Flash_LED	8	static
fingerprint_scanner.h:323:6:IsFingerPress	24	static
fingerprint_scanner.h:335:5:Enroll_finger	120	static
fingerprint_scanner.h:428:5:Identify_finger	48	static
fingerprint_scanner.h:458:5:Check_DB	24	static
main.c:117:6:HAL_UART_RxCpltCallback	64	static
main.c:159:6:SendtoPi	24	static
main.c:173:6:SendSnap	312	static
main.c:179:6:SendAccessFPS	328	static
main.c:186:6:SendDeniedFPS	312	static
main.c:193:6:SendDeniedIR	312	static
main.c:200:6:SendNewUserFPS	328	static
main.c:207:6:GetUnlockDoor	8	static
main.c:213:6:SendAccessKey	312	static
main.c:220:6:OpenLatch	8	static
main.c:226:6:CloseLatch	8	static
main.c:231:6:Debounce	24	static
main.c:364:6:HAL_ADC_ConvCpltCallback	16	static
main.c:401:5:main	24	static
main.c:507:6:SystemClock_Config	104	static
main.c:556:6:Error_Handler	8	static
