core_cm0.h:730:22:NVIC_SystemReset	8	static,ignoring_inline_asm
fingerprint_scanner.h:75:15:Init_packet	40	static
fingerprint_scanner.h:82:5:Check_Response	16	static
fingerprint_scanner.h:100:6:Wait_Response	16	static
fingerprint_scanner.h:111:6:calc_Checksum	32	static
fingerprint_scanner.h:125:6:SendtoFP	56	static
fingerprint_scanner.h:143:15:Open_packet	40	static
fingerprint_scanner.h:150:15:Close_packet	40	static
fingerprint_scanner.h:157:15:CMOSLED_packet	40	static
fingerprint_scanner.h:168:15:Getenrolled_packet	40	static
fingerprint_scanner.h:175:15:Checkenrll_packet	40	static
fingerprint_scanner.h:182:15:Enroll_packet	40	static
fingerprint_scanner.h:189:15:Enroll1_packet	40	static
fingerprint_scanner.h:196:15:Enroll2_packet	40	static
fingerprint_scanner.h:203:15:Enroll3_packet	40	static
fingerprint_scanner.h:210:15:Fingerpress_packet	40	static
fingerprint_scanner.h:217:15:Delete_packet	40	static
fingerprint_scanner.h:224:15:Deleteall_packet	40	static
fingerprint_scanner.h:231:15:Verify_packet	40	static
fingerprint_scanner.h:238:15:Ident_packet	40	static
fingerprint_scanner.h:245:15:Standby_packet	40	static
fingerprint_scanner.h:252:15:Capture_packet	40	static
fingerprint_scanner.h:265:6:Start_FP	24	static
fingerprint_scanner.h:281:6:Close_FP	24	static
fingerprint_scanner.h:296:6:LED_FP	56	static
fingerprint_scanner.h:317:6:Flash_LED	8	static
fingerprint_scanner.h:323:6:IsFingerPress	24	static
fingerprint_scanner.h:335:5:Enroll_finger	120	static
fingerprint_scanner.h:428:5:Identify_finger	48	static
fingerprint_scanner.h:458:5:Check_DB	24	static
raspi_coms.h:45:6:SendtoPi	24	static
raspi_coms.h:60:6:SendSnap	312	static
raspi_coms.h:66:6:SendAccessFPS	328	static
raspi_coms.h:73:6:SendDeniedFPS	312	static
raspi_coms.h:80:6:SendDeniedIR	312	static
raspi_coms.h:87:6:SendNewUserFPS	328	static
raspi_coms.h:94:6:GetUnlockDoor	8	static
raspi_coms.h:99:6:SendAccessKey	312	static
peripherals.h:56:7:OpenLatch	8	static
peripherals.h:62:7:CloseLatch	8	static
peripherals.h:67:7:WaitFingerPlace	24	static
peripherals.h:76:7:WaitFingerRemove	24	static
peripherals.h:85:7:Debounce	24	static
peripherals.h:218:7:WaitLatch	24	static
main.c:121:6:HAL_UART_RxCpltCallback	16	static
main.c:374:6:HAL_ADC_ConvCpltCallback	16	static
main.c:411:5:main	64	static
main.c:555:6:SystemClock_Config	104	static
main.c:604:6:Error_Handler	8	static
